[debug] [2026-08-04T13:11:35.914Z] ----------------------------------------------------------------------
[debug] [2026-08-04T13:11:35.917Z] Command:       /Users/chiagger/.nvm/versions/node/v25.9.0/bin/node /Users/chiagger/.nvm/versions/node/v25.9.0/bin/firebase firestore:databases:list --project unmasked-b62af
[debug] [2026-08-04T13:11:35.917Z] CLI Version:   15.15.0
[debug] [2026-08-04T13:11:35.917Z] Platform:      darwin
[debug] [2026-08-04T13:11:35.917Z] Node Version:  v25.9.0
[debug] [2026-08-04T13:11:35.917Z] Time:          Tue Aug 04 2026 15:11:35 GMT+0200 (Central European Summer Time)
[debug] [2026-08-04T13:11:35.917Z] ----------------------------------------------------------------------
[debug] 
[debug] [2026-08-04T13:11:36.993Z] > command requires scopes: ["email","openid","https://www.googleapis.com/auth/cloudplatformprojects.readonly","https://www.googleapis.com/auth/firebase","https://www.googleapis.com/auth/cloud-platform"]
[debug] [2026-08-04T13:11:36.994Z] > authorizing via signed-in user (busca.chiara.cb@gmail.com)
[debug] [2026-08-04T13:11:36.994Z] [iam] checking project unmasked-b62af for permissions ["datastore.databases.list","firebase.projects.get"]
[debug] [2026-08-04T13:11:36.996Z] No OAuth tokens found
[debug] [2026-08-04T13:11:37.001Z] No OAuth tokens found
[debug] [2026-08-04T13:11:37.001Z] > refreshing access token with scopes: []
[debug] [2026-08-04T13:11:37.011Z] >>> [apiv2][query] POST https://www.googleapis.com/oauth2/v3/token [none]
[debug] [2026-08-04T13:11:37.011Z] >>> [apiv2][body] POST https://www.googleapis.com/oauth2/v3/token [omitted]
[debug] [2026-08-04T13:11:37.148Z] <<< [apiv2][status] POST https://www.googleapis.com/oauth2/v3/token 200
[debug] [2026-08-04T13:11:37.149Z] <<< [apiv2][body] POST https://www.googleapis.com/oauth2/v3/token [omitted]
[debug] [2026-08-04T13:11:37.154Z] >>> [apiv2][query] POST https://cloudresourcemanager.googleapis.com/v1/projects/unmasked-b62af:testIamPermissions [none]
[debug] [2026-08-04T13:11:37.154Z] >>> [apiv2][(partial)header] POST https://cloudresourcemanager.googleapis.com/v1/projects/unmasked-b62af:testIamPermissions  x-goog-user-project=unmasked-b62af
[debug] [2026-08-04T13:11:37.155Z] >>> [apiv2][body] POST https://cloudresourcemanager.googleapis.com/v1/projects/unmasked-b62af:testIamPermissions {"permissions":["datastore.databases.list","firebase.projects.get"]}
[debug] [2026-08-04T13:11:37.996Z] <<< [apiv2][status] POST https://cloudresourcemanager.googleapis.com/v1/projects/unmasked-b62af:testIamPermissions 200
[debug] [2026-08-04T13:11:37.996Z] <<< [apiv2][body] POST https://cloudresourcemanager.googleapis.com/v1/projects/unmasked-b62af:testIamPermissions {"permissions":["datastore.databases.list","firebase.projects.get"]}
[debug] [2026-08-04T13:11:37.997Z] Checked if tokens are valid: true, expires at: 1785852696149
[debug] [2026-08-04T13:11:37.997Z] Checked if tokens are valid: true, expires at: 1785852696149
[debug] [2026-08-04T13:11:37.997Z] >>> [apiv2][query] GET https://firestore.googleapis.com/v1/projects/unmasked-b62af/databases [none]
[debug] [2026-08-04T13:11:38.509Z] <<< [apiv2][status] GET https://firestore.googleapis.com/v1/projects/unmasked-b62af/databases 200
[debug] [2026-08-04T13:11:38.509Z] <<< [apiv2][body] GET https://firestore.googleapis.com/v1/projects/unmasked-b62af/databases {"databases":[{"name":"projects/unmasked-b62af/databases/default","uid":"c77ee165-d607-4cb3-afae-0190984e4003","createTime":"2026-08-04T11:03:55.253772Z","updateTime":"2026-08-04T11:03:55.253772Z","locationId":"europe-west8","type":"FIRESTORE_NATIVE","concurrencyMode":"OPTIMISTIC","versionRetentionPeriod":"3600s","earliestVersionTime":"2026-08-04T12:11:38.553555Z","appEngineIntegrationMode":"DISABLED","pointInTimeRecoveryEnablement":"POINT_IN_TIME_RECOVERY_DISABLED","deleteProtectionState":"DELETE_PROTECTION_DISABLED","databaseEdition":"ENTERPRISE","freeTier":true,"realtimeUpdatesMode":"REALTIME_UPDATES_MODE_ENABLED","firestoreDataAccessMode":"DATA_ACCESS_MODE_ENABLED","mongodbCompatibleDataAccessMode":"DATA_ACCESS_MODE_DISABLED","etag":"IKvs+qiGh5YDMKzD8uvphpYD"}]}
[info] ┌──────────────────────────────────────────────┐
│ Database Name                                │
├──────────────────────────────────────────────┤
│ projects/unmasked-b62af/databases/default    │
└──────────────────────────────────────────────┘
[debug] [2026-08-04T13:12:22.641Z] ----------------------------------------------------------------------
[debug] [2026-08-04T13:12:22.643Z] Command:       /Users/chiagger/.nvm/versions/node/v25.9.0/bin/node /Users/chiagger/.nvm/versions/node/v25.9.0/bin/firebase deploy --only firestore:default --project unmasked-b62af
[debug] [2026-08-04T13:12:22.643Z] CLI Version:   15.15.0
[debug] [2026-08-04T13:12:22.643Z] Platform:      darwin
[debug] [2026-08-04T13:12:22.643Z] Node Version:  v25.9.0
[debug] [2026-08-04T13:12:22.643Z] Time:          Tue Aug 04 2026 15:12:22 GMT+0200 (Central European Summer Time)
[debug] [2026-08-04T13:12:22.643Z] ----------------------------------------------------------------------
[debug] 
[debug] [2026-08-04T13:12:23.421Z] > command requires scopes: ["email","openid","https://www.googleapis.com/auth/cloudplatformprojects.readonly","https://www.googleapis.com/auth/firebase","https://www.googleapis.com/auth/cloud-platform"]
[debug] [2026-08-04T13:12:23.422Z] > authorizing via signed-in user (busca.chiara.cb@gmail.com)
[debug] [2026-08-04T13:12:23.422Z] [iam] checking project unmasked-b62af for permissions ["datastore.indexes.create","datastore.indexes.delete","datastore.indexes.list","datastore.indexes.update","firebase.projects.get"]
[debug] [2026-08-04T13:12:23.423Z] No OAuth tokens found
[debug] [2026-08-04T13:12:23.424Z] No OAuth tokens found
[debug] [2026-08-04T13:12:23.424Z] > refreshing access token with scopes: []
[debug] [2026-08-04T13:12:23.425Z] >>> [apiv2][query] POST https://www.googleapis.com/oauth2/v3/token [none]
[debug] [2026-08-04T13:12:23.425Z] >>> [apiv2][body] POST https://www.googleapis.com/oauth2/v3/token [omitted]
[debug] [2026-08-04T13:12:23.544Z] <<< [apiv2][status] POST https://www.googleapis.com/oauth2/v3/token 200
[debug] [2026-08-04T13:12:23.545Z] <<< [apiv2][body] POST https://www.googleapis.com/oauth2/v3/token [omitted]
[debug] [2026-08-04T13:12:23.550Z] >>> [apiv2][query] POST https://cloudresourcemanager.googleapis.com/v1/projects/unmasked-b62af:testIamPermissions [none]
[debug] [2026-08-04T13:12:23.550Z] >>> [apiv2][(partial)header] POST https://cloudresourcemanager.googleapis.com/v1/projects/unmasked-b62af:testIamPermissions  x-goog-user-project=unmasked-b62af
[debug] [2026-08-04T13:12:23.550Z] >>> [apiv2][body] POST https://cloudresourcemanager.googleapis.com/v1/projects/unmasked-b62af:testIamPermissions {"permissions":["datastore.indexes.create","datastore.indexes.delete","datastore.indexes.list","datastore.indexes.update","firebase.projects.get"]}
[debug] [2026-08-04T13:12:24.299Z] <<< [apiv2][status] POST https://cloudresourcemanager.googleapis.com/v1/projects/unmasked-b62af:testIamPermissions 200
[debug] [2026-08-04T13:12:24.299Z] <<< [apiv2][body] POST https://cloudresourcemanager.googleapis.com/v1/projects/unmasked-b62af:testIamPermissions {"permissions":["datastore.indexes.create","datastore.indexes.delete","datastore.indexes.list","datastore.indexes.update","firebase.projects.get"]}
[info] 
[info] === Deploying to 'unmasked-b62af'...
[info] 
[info] i  deploying firestore 
[info] i  firestore: ensuring required API firestore.googleapis.com is enabled... 
[info] i  firestore: ensuring required API firestore.googleapis.com is enabled... 
[debug] [2026-08-04T13:12:24.302Z] Checked if tokens are valid: true, expires at: 1785852742545
[debug] [2026-08-04T13:12:24.303Z] Checked if tokens are valid: true, expires at: 1785852742545
[debug] [2026-08-04T13:12:24.303Z] >>> [apiv2][query] GET https://firestore.googleapis.com/v1/projects/unmasked-b62af/databases/default [none]
[debug] [2026-08-04T13:12:24.468Z] <<< [apiv2][status] GET https://firestore.googleapis.com/v1/projects/unmasked-b62af/databases/default 200
[debug] [2026-08-04T13:12:24.468Z] <<< [apiv2][body] GET https://firestore.googleapis.com/v1/projects/unmasked-b62af/databases/default {"name":"projects/unmasked-b62af/databases/default","uid":"c77ee165-d607-4cb3-afae-0190984e4003","createTime":"2026-08-04T11:03:55.253772Z","updateTime":"2026-08-04T11:03:55.253772Z","locationId":"europe-west8","type":"FIRESTORE_NATIVE","concurrencyMode":"OPTIMISTIC","versionRetentionPeriod":"3600s","earliestVersionTime":"2026-08-04T12:12:24.513444Z","appEngineIntegrationMode":"DISABLED","pointInTimeRecoveryEnablement":"POINT_IN_TIME_RECOVERY_DISABLED","deleteProtectionState":"DELETE_PROTECTION_DISABLED","databaseEdition":"ENTERPRISE","freeTier":true,"realtimeUpdatesMode":"REALTIME_UPDATES_MODE_ENABLED","firestoreDataAccessMode":"DATA_ACCESS_MODE_ENABLED","mongodbCompatibleDataAccessMode":"DATA_ACCESS_MODE_DISABLED","etag":"IMyfhr+Gh5YDMKzD8uvphpYD"}
[info] i  cloud.firestore: checking firestore.rules for compilation errors... 
[debug] [2026-08-04T13:12:24.469Z] Checked if tokens are valid: true, expires at: 1785852742545
[debug] [2026-08-04T13:12:24.469Z] Checked if tokens are valid: true, expires at: 1785852742545
[debug] [2026-08-04T13:12:24.469Z] >>> [apiv2][query] POST https://firebaserules.googleapis.com/v1/projects/unmasked-b62af:test [none]
[debug] [2026-08-04T13:12:24.469Z] >>> [apiv2][body] POST https://firebaserules.googleapis.com/v1/projects/unmasked-b62af:test [omitted]
[debug] [2026-08-04T13:12:24.840Z] <<< [apiv2][status] POST https://firebaserules.googleapis.com/v1/projects/unmasked-b62af:test 200
[debug] [2026-08-04T13:12:24.840Z] <<< [apiv2][body] POST https://firebaserules.googleapis.com/v1/projects/unmasked-b62af:test {}
[info] ✔  cloud.firestore: rules file firestore.rules compiled successfully 
[debug] [2026-08-04T13:12:24.842Z] Checked if tokens are valid: true, expires at: 1785852742545
[debug] [2026-08-04T13:12:24.842Z] Checked if tokens are valid: true, expires at: 1785852742545
[debug] [2026-08-04T13:12:24.842Z] >>> [apiv2][query] GET https://firebaserules.googleapis.com/v1/projects/unmasked-b62af/releases pageSize=10&pageToken=
[debug] [2026-08-04T13:12:25.567Z] <<< [apiv2][status] GET https://firebaserules.googleapis.com/v1/projects/unmasked-b62af/releases 200
[debug] [2026-08-04T13:12:25.567Z] <<< [apiv2][body] GET https://firebaserules.googleapis.com/v1/projects/unmasked-b62af/releases {"releases":[{"name":"projects/unmasked-b62af/releases/cloud.firestore/default","rulesetName":"projects/unmasked-b62af/rulesets/0ed6430a-3a6e-4c6f-9728-efc840743df6","createTime":"2026-08-04T11:03:58.515318Z","updateTime":"2026-08-04T11:03:58.515318Z"}]}
[debug] [2026-08-04T13:12:25.568Z] Checked if tokens are valid: true, expires at: 1785852742545
[debug] [2026-08-04T13:12:25.568Z] Checked if tokens are valid: true, expires at: 1785852742545
[debug] [2026-08-04T13:12:25.568Z] >>> [apiv2][query] GET https://firebaserules.googleapis.com/v1/projects/unmasked-b62af/rulesets/0ed6430a-3a6e-4c6f-9728-efc840743df6 [none]
[debug] [2026-08-04T13:12:25.769Z] <<< [apiv2][status] GET https://firebaserules.googleapis.com/v1/projects/unmasked-b62af/rulesets/0ed6430a-3a6e-4c6f-9728-efc840743df6 200
[debug] [2026-08-04T13:12:25.769Z] <<< [apiv2][body] GET https://firebaserules.googleapis.com/v1/projects/unmasked-b62af/rulesets/0ed6430a-3a6e-4c6f-9728-efc840743df6 [omitted]
[info] i  firestore: uploading rules firestore.rules... 
[debug] [2026-08-04T13:12:25.770Z] Checked if tokens are valid: true, expires at: 1785852742545
[debug] [2026-08-04T13:12:25.770Z] Checked if tokens are valid: true, expires at: 1785852742545
[debug] [2026-08-04T13:12:25.771Z] >>> [apiv2][query] POST https://firebaserules.googleapis.com/v1/projects/unmasked-b62af/rulesets [none]
[debug] [2026-08-04T13:12:25.771Z] >>> [apiv2][body] POST https://firebaserules.googleapis.com/v1/projects/unmasked-b62af/rulesets [omitted]
[debug] [2026-08-04T13:12:26.224Z] <<< [apiv2][status] POST https://firebaserules.googleapis.com/v1/projects/unmasked-b62af/rulesets 200
[debug] [2026-08-04T13:12:26.225Z] <<< [apiv2][body] POST https://firebaserules.googleapis.com/v1/projects/unmasked-b62af/rulesets {"name":"projects/unmasked-b62af/rulesets/2ab6bdac-0634-41e6-98a1-b181309ba3bd","source":{"files":[{"content":"rules_version = '2';\n\nservice cloud.firestore {\n  match /databases/{database}/documents {\n    match /users/{userId} {\n      allow create: if isOwner(userId)\n        && request.resource.data.uid == userId;\n      allow read: if isOwner(userId);\n      allow update: if isOwner(userId)\n        && request.resource.data.uid == resource.data.uid;\n      allow delete: if false;\n    }\n\n    function isOwner(userId) {\n      return request.auth != null && request.auth.uid == userId;\n    }\n  }\n}\n","name":"firestore.rules"}]},"createTime":"2026-08-04T13:12:26.172847Z","metadata":{"services":["cloud.firestore"]}}
[debug] [2026-08-04T13:12:26.225Z] [rules] created ruleset projects/unmasked-b62af/rulesets/2ab6bdac-0634-41e6-98a1-b181309ba3bd
[info] i  firestore: deploying indexes... 
[debug] [2026-08-04T13:12:26.225Z] [rules] releasing cloud.firestore/default with ruleset projects/unmasked-b62af/rulesets/2ab6bdac-0634-41e6-98a1-b181309ba3bd
[debug] [2026-08-04T13:12:26.225Z] Checked if tokens are valid: true, expires at: 1785852742545
[debug] [2026-08-04T13:12:26.225Z] Checked if tokens are valid: true, expires at: 1785852742545
[debug] [2026-08-04T13:12:26.226Z] >>> [apiv2][query] PATCH https://firebaserules.googleapis.com/v1/projects/unmasked-b62af/releases/cloud.firestore/default [none]
[debug] [2026-08-04T13:12:26.226Z] >>> [apiv2][body] PATCH https://firebaserules.googleapis.com/v1/projects/unmasked-b62af/releases/cloud.firestore/default {"release":{"name":"projects/unmasked-b62af/releases/cloud.firestore/default","rulesetName":"projects/unmasked-b62af/rulesets/2ab6bdac-0634-41e6-98a1-b181309ba3bd"}}
[debug] [2026-08-04T13:12:27.087Z] <<< [apiv2][status] PATCH https://firebaserules.googleapis.com/v1/projects/unmasked-b62af/releases/cloud.firestore/default 200
[debug] [2026-08-04T13:12:27.087Z] <<< [apiv2][body] PATCH https://firebaserules.googleapis.com/v1/projects/unmasked-b62af/releases/cloud.firestore/default {"name":"projects/unmasked-b62af/releases/cloud.firestore/default","rulesetName":"projects/unmasked-b62af/rulesets/2ab6bdac-0634-41e6-98a1-b181309ba3bd","createTime":"2026-08-04T11:03:58.515318Z","updateTime":"2026-08-04T13:12:27.051975Z"}
[debug] [2026-08-04T13:12:27.087Z] [rules] updated release projects/unmasked-b62af/releases/cloud.firestore/default
[info] ✔  firestore: released rules firestore.rules to cloud.firestore 
[info] 
[info] ✔  Deploy complete! 
[info] 
[info] Project Console: https://console.firebase.google.com/project/unmasked-b62af/overview
